 z046849@INLH120423 MINGW64 ~/Desktop/git sample file
$ ls
Sample.txt

z046849@INLH120423 MINGW64 ~/Desktop/git sample file
$ git init
Initialized empty Git repository in C:/Users/z046849/Desktop/git sample file/.git/

z046849@INLH120423 MINGW64 ~/Desktop/git sample file (master)
$ git add sample.txt

z046849@INLH120423 MINGW64 ~/Desktop/git sample file (master)
$ git status
On branch master

No commits yet

Untracked files:
  (use "git add <file>..." to include in what will be committed)
        Sample.txt

nothing added to commit but untracked files present (use "git add" to track)

z046849@INLH120423 MINGW64 ~/Desktop/git sample file (master)
$
git